// Jest Snapshot v1, https://goo.gl/fbAQLP

exports[`Testing Button Component matches snapshot 1`] = `
<button
  className="btn"
/>
`;
