// Jest Snapshot v1, https://goo.gl/fbAQLP

exports[`Testing Login page matches snapshot 1`] = `
<Fragment>
  <form
    className="form"
    onSubmit={[Function]}
  >
    <div
      className="input-element"
    >
      <label
        className="label"
      >
        Email
      </label>
      <input
        className="input"
        name="email"
        onChange={[Function]}
        required={true}
        type="email"
        value=""
      />
    </div>
    <div
      className="input-element"
    >
      <label
        className="label"
      >
        Password
      </label>
      <input
        className="input"
        name="password"
        onChange={[Function]}
        required={true}
        type="password"
        value=""
      />
    </div>
    <div
      className="form-btn"
    >
      <Button>
        Log In
      </Button>
    </div>
    <div
      className="redirect"
      onClick={[Function]}
    >
      Don't have an account? Click here to create one
    </div>
  </form>
</Fragment>
`;
